******************************************************************************
          TMS320C6x COFF Linker PC v6.0.8                      
******************************************************************************
>> Linked Sun Apr 26 17:33:16 2009

OUTPUT FILE NAME:   <./Release/Synth4.out>
ENTRY POINT SYMBOL: "_c_int00"  address: 100334c0


MEMORY CONFIGURATION

         name            origin    length      used     unused   attr    fill
----------------------  --------  ---------  --------  --------  ----  --------
  IROM_BOOT             00000000   00020000  00000000  00020000  RWIX
  IROM_DSPLIB           00020000   0000c000  00000000  0000c000  RWIX
  IROM_FASTRTS          0002c000   00004000  00000000  00004000  RWIX
  IRAM_FASTRTS          10001b00   00000100  00000000  00000100  RWIX
  RAM                   10001c00   0003e400  0003910c  000052f4  RWIX
  SDRAM                 80000000   08000000  00000000  08000000  RWIX
  ASYNC2                90000000   00008000  00000000  00008000  RWIX


SECTION ALLOCATION MAP

 output                                  attributes/
section   page    origin      length       input sections
--------  ----  ----------  ----------   ----------------
.sdram     0    80000000    00000000     UNINITIALIZED

EXTERNAL_MEMORY 
*          0    80000000    00000000     UNINITIALIZED

.dsplib    0    00020000    00000000     NOLOAD SECTION

.fastRts   0    0002c000    00000000     NOLOAD SECTION

.fastRtsbss 
*          0    10001b00    00000000     UNINITIALIZED

.TIBoot    0    10001c00    00000000     UNINITIALIZED

.data      0    10001c00    00000000     UNINITIALIZED

INTERNAL_MEMORY 
*          0    10001c00    00000000     UNINITIALIZED

.far       0    10001c00    0001e829     UNINITIALIZED
                  10001c00    00012eec     instruments.obj (.far)
                  10014aec    00008848     effects.obj (.far)
                  1001d334    000029ac     initialization.obj (.far)
                  1001fce0    00000194     rts67plus.lib : defs.obj (.far)
                  1001fe74    00000158     mixer.obj (.far)
                  1001ffcc    00000140     main.obj (.far)
                  1002010c    000000d0     rts67plus.lib : trgdrv.obj (.far)
                  100201dc    000000cc                   : lowlev.obj (.far)
                  100202a8    0000008c                   : exit.obj (.far)
                  10020334    00000084     midi.obj (.far)
                  100203b8    00000034     padk.lib : PADK_I2C.obj (.far)
                  100203ec    00000020     csl_C6727.lib : csl_dmaxInit.o (.far)
                  1002040c    00000008     rts67plus.lib : memory.obj (.far)
                  10020414    00000008                   : _lock.obj (.far)
                  1002041c    00000004                   : fopen.obj (.far)
                  10020420    00000008                   : rand.obj (.far)
                  10020428    00000001     padk.lib : PADK_GPIO.obj (.far)

.pinit     0    1002042c    0000000c     
                  1002042c    00000004     applySystemPatch.obj (.pinit)
                  10020430    00000008     --HOLE-- [fill = 0]

.text      0    10020440    00013aa0     
                  10020440    000021e0     csl_C6727.lib : csl_mcaspHwControl.o (.text:csl_section:mcasp)
                  10022620    00001660     instruments.obj (.text)
                  10023c80    00001060     padk.lib : PADK_I2C.obj (.text)
                  10024ce0    00000f00     effects.obj (.text)
                  10025be0    00000d00     midi.obj (.text)
                  100268e0    00000c80     main.obj (.text)
                  10027560    000009c0     generators.obj (.text)
                  10027f20    000009a0     initialization.obj (.text)
                  100288c0    00000520     csl_C6727.lib : csl_dmaxHwSetup.o (.text:csl_section:dmax)
                  10028de0    00000500     rts67plus.lib : _printfi.obj (.text:__setfield)
                  100292e0    000004a0     csl_C6727.lib : csl_dmaxHwControl.o (.text:csl_section:dmax)
                  10029780    00000440     rts67plus.lib : _printfi.obj (.text:__getarg_diouxp)
                  10029bc0    00000440     csl_C6727.lib : csl_mcaspHwSetup.o (.text:csl_section:mcasp)
                  1002a000    00000420     padk.lib : PADK_UART.obj (.text)
                  1002a420    00000420     rts67plus.lib : _printfi.obj (.text:__printfi)
                  1002a840    00000400     mixer.obj (.text)
                  1002ac40    00000400     padk.lib : PADK_MIDI.obj (.text)
                  1002b040    000003c0     rts67plus.lib : _printfi.obj (.text:__fcpy)
                  1002b400    000003c0                   : _printfi.obj (.text:_ecvt)
                  1002b7c0    000003c0     csl_C672x_intc.lib : csl_intcHookIsr.o (.text:csl_section:intc)
                  1002bb80    000003a0     rts67plus.lib : _printfi.obj (.text:_fcvt)
                  1002bf20    00000380                   : memory.obj (.text:_free)
                  1002c2a0    00000360     padk.lib : PADK_GPIO.obj (.text)
                  1002c600    00000360     rts67plus.lib : _printfi.obj (.text:__pproc_fwp)
                  1002c960    00000360                   : fputs.obj (.text:_fputs)
                  1002ccc0    00000360     csl_C6727.lib : csl_mcaspRegReset.o (.text:csl_section:mcasp)
                  1002d020    00000340     led.obj (.text)
                  1002d360    00000300     c672xSystemPatchV2_00_00.lib : patch.obj (.text)
                  1002d660    00000300     rts67plus.lib : _printfi.obj (.text:__pconv_e)
                  1002d960    00000300     csl_C6727.lib : csl_i2cHwControl.o (.text:csl_section:i2c)
                  1002dc60    000002e0     rts67plus.lib : imath64.obj (.text:__divull)
                  1002df40    000002e0     csl_C6727.lib : csl_mcaspResetCtrl.o (.text:csl_section:mcasp)
                  1002e220    000002c0     rts67plus.lib : _printfi.obj (.text:__pproc_diouxp)
                  1002e4e0    000002c0                   : _printfi.obj (.text:__pproc_str)
                  1002e7a0    000002c0     csl_C6727.lib : csl_dmaxOpen.o (.text:csl_section:dmax)
                  1002ea60    00000260     padk.lib : PADK_CLKGEN.obj (.text)
                  1002ecc0    00000260     csl_C6727.lib : csl_i2cGetHwStatus.o (.text:csl_section:i2c)
                  1002ef20    00000240     rts67plus.lib : _printfi.obj (.text:__mcpy)
                  1002f160    00000200                   : trgdrv.obj (.text:_HOSTrename)
                  1002f360    00000200                   : memcpy62.obj (.text:_memcpy)
                  1002f560    00000200                   : setvbuf.obj (.text:_setvbuf)
                  1002f760    00000200     csl_C6727.lib : csl_i2cHwSetup.o (.text:csl_section:i2c)
                  1002f960    000001e0     padk.lib : PADK_DAC.obj (.text)
                  1002fb40    000001e0     rts67plus.lib : _printfi.obj (.text:__pconv_g)
                  1002fd20    000001e0                   : memory.obj (.text:_malloc)
                  1002ff00    000001c0                   : imath40.obj (.text:__divul)
                  100300c0    000001a0                   : _printfi.obj (.text:__ltostr)
                  10030260    000001a0                   : lowlev.obj (.text:_getdevice)
                  10030400    000001a0     csl_C6727.lib : csl_dmaxHwSetupGpParam.o (.text:csl_section:dmax)
                  100305a0    00000180     rts67plus.lib : fputc.obj (.text:_fputc)
                  10030720    00000160                   : _printfi.obj (.text:__pproc_fflags)
                  10030880    00000160                   : fclose.obj (.text:_fclose)
                  100309e0    00000140                   : trgdrv.obj (.text:_HOSTlseek)
                  10030b20    00000140                   : atoi.obj (.text:_atoi)
                  10030c60    00000140                   : exit.obj (.text:_exit)
                  10030da0    00000140     csl_C6727.lib : csl_i2cHwSetupRaw.o (.text:csl_section:i2c)
                  10030ee0    00000120     rts67plus.lib : trgdrv.obj (.text:_HOSTopen)
                  10031000    00000120                   : autoinit.obj (.text:__auto_init)
                  10031120    00000120                   : _printfi.obj (.text:__div)
                  10031240    00000120                   : _io_perm.obj (.text:__wrt_ok)
                  10031360    00000120                   : lowlev.obj (.text:_close)
                  10031480    00000120                   : fseek.obj (.text:_fseek)
                  100315a0    00000120                   : lowlev.obj (.text:_lseek)
                  100316c0    00000120                   : ltoa.obj (.text:_ltoa)
                  100317e0    00000120                   : memset.obj (.text:_memset)
                  10031900    00000120                   : lowlev.obj (.text:_write)
                  10031a20    00000120     csl_C6727.lib : csl_i2cOpen.o (.text:csl_section:i2c)
                  10031b40    00000120     csl_C672x_intc.lib : csl_intcOpen.o (.text:csl_section:intc)
                  10031c60    00000100     rts67plus.lib : trgdrv.obj (.text:_HOSTread)
                  10031d60    00000100                   : trgdrv.obj (.text:_HOSTunlink)
                  10031e60    00000100                   : trgdrv.obj (.text:_HOSTwrite)
                  10031f60    00000100                   : fopen.obj (.text:__cleanup)
                  10032060    00000100                   : _printfi.obj (.text:__pconv_f)
                  10032160    00000100                   : _printfi.obj (.text:__pproc_fge)
                  10032260    00000100                   : strasg.obj (.text:__strasgi)
                  10032360    000000e0     padk.lib : PADK_ADC.obj (.text)
                  10032440    000000e0     rts67plus.lib : trgdrv.obj (.text:_HOSTclose)
                  10032520    000000e0                   : _printfi.obj (.text:__ecpy)
                  10032600    000000e0                   : memory.obj (.text:_minsert)
                  100326e0    000000c0                   : imath40.obj (.text:__divli)
                  100327a0    000000c0                   : divu.obj (.text:__divu)
                  10032860    000000c0                   : fflush.obj (.text:__doflush)
                  10032920    000000c0                   : fixdli.obj (.text:__fixdli)
                  100329e0    000000c0                   : remi.obj (.text:__remi)
                  10032aa0    000000c0                   : lowlev.obj (.text:_finddevice)
                  10032b60    000000c0                   : memory.obj (.text:_mremove)
                  10032c20    000000c0                   : rand.obj (.text:_rand)
                  10032ce0    000000c0                   : trgmsg.obj (.text:_readmsg)
                  10032da0    000000c0                   : trgmsg.obj (.text:_writemsg)
                  10032e60    000000c0     csl_C6727.lib : csl_mcaspGetChipCtxt.o (.text:csl_section:mcasp)
                  10032f20    000000c0                   : csl_mcaspOpen.o (.text:csl_section:mcasp)
                  10032fe0    000000a0                   : CSL_dmaxGetNextFreeParamEntry.o (.text)
                  10033080    000000a0     rts67plus.lib : fltlid.obj (.text:__fltlid)
                  10033120    000000a0                   : mpyll.obj (.text:__mpyll)
                  100331c0    000000a0                   : lowlev.obj (.text:_unlink)
                  10033260    000000a0     csl_C6727.lib : csl_dmaxClose.o (.text:csl_section:dmax)
                  10033300    000000a0                   : csl_dmaxHwSetupFifoParam.o (.text:csl_section:dmax)
                  100333a0    000000a0     csl_C672x_intc.lib : csl_intcEventEnable.o (.text:csl_section:intc)
                  10033440    00000080     rts67plus.lib : llshift.obj (.text:__llshl)
                  100334c0    00000080                   : boot.obj (.text:_c_int00)
                  10033540    00000080                   : fprintf.obj (.text:_fprintf)
                  100335c0    00000080                   : memccpy.obj (.text:_memccpy)
                  10033640    00000080     csl_C6727.lib : csl_dmaxHwSetup1dParam.o (.text:csl_section:dmax)
                  100336c0    00000080                   : csl_dmaxHwSetupSpiParam.o (.text:csl_section:dmax)
                  10033740    00000080     csl_C672x_intc.lib : csl_intcInit.o (.text:csl_section:intc)
                  100337c0    00000080                        : csl_intcSetVectorPtr.o (.text:csl_section:intc)
                  10033840    00000060                        : _CSL_eventEnorDisable.o (.text)
                  100338a0    00000060     rts67plus.lib : llshift.obj (.text:__llshru)
                  10033900    00000060                   : imath40.obj (.text:__remli)
                  10033960    00000060                   : imath64.obj (.text:__subcull)
                  100339c0    00000060     csl_C6727.lib : csl_i2cGetBaseAddress.o (.text:csl_section:i2c)
                  10033a20    00000060     csl_C672x_intc.lib : csl_intcGlobalDisable.o (.text:csl_section:intc)
                  10033a80    00000060                        : csl_intcGlobalEnable.o (.text:csl_section:intc)
                  10033ae0    00000060                        : csl_intcGlobalRestore.o (.text:csl_section:intc)
                  10033b40    00000040     csl_C6727.lib : csl_dmaxSetDetr.o (.text)
                  10033b80    00000040     csl_C672x_intc.lib : _CSL_intcGlobalEnorDisable.o (.text)
                  10033bc0    00000040     rts67plus.lib : args_main.obj (.text:__args_main)
                  10033c00    00000040     csl_C6727.lib : csl_dmaxInit.o (.text:csl_section:dmax)
                  10033c40    00000040                   : csl_dmaxGetBaseAddress.o (.text:csl_section:dmax)
                  10033c80    00000020     csl_C672x_intc.lib : _CSL_intcReadISTP.o (.text)
                  10033ca0    00000020                        : _CSL_intcFetchPacket.o (.text)
                  10033cc0    00000020                        : _CSL_intcISTP.o (.text)
                  10033ce0    00000020     rts67plus.lib : negll.obj (.text:__negll)
                  10033d00    00000020                   : _lock.obj (.text:__nop)
                  10033d20    00000020                   : fprintf.obj (.text:__outc)
                  10033d40    00000020                   : fprintf.obj (.text:__outs)
                  10033d60    00000020                   : exit.obj (.text:_abort)
                  10033d80    00000020                   : remove.obj (.text:_remove)
                  10033da0    00000020     csl_C6727.lib : csl_chipInit.o (.text:csl_section:chip)
                  10033dc0    00000020                   : csl_i2cClose.o (.text:csl_section:i2c)
                  10033de0    00000020                   : csl_i2cInit.o (.text:csl_section:i2c)
                  10033e00    00000020                   : csl_mcaspInit.o (.text:csl_section:mcasp)
                  10033e20    00000020     (.T$0002)
                  10033e40    00000020     (.T$0005)
                  10033e60    00000020     (.T$0000)
                  10033e80    00000020     (.T$0003)
                  10033ea0    00000020     (.T$0004)
                  10033ec0    00000020     (.T$0001)

.const     0    10033ee0    00002177     
                  10033ee0    00000f9c     c672xSystemPatchV2_00_00.lib : pdspFirmware_p0.pdsp.obj (.const)
                  10034e7c    00000f9c                                  : pdspFirmware_p1.pdsp.obj (.const)
                  10035e18    00000101     rts67plus.lib : ctype.obj (.const)
                  10035f19    00000002                   : fputs.obj (.const)
                  10035f1b    00000001     --HOLE-- [fill = 0]
                  10035f1c    0000002c     padk.lib : PADK_I2C.obj (.const)
                  10035f48    00000018              : PADK_MIDI.obj (.const)
                  10035f60    00000018              : PADK_UART.obj (.const)
                  10035f78    00000014              : PADK_CLKGEN.obj (.const)
                  10035f8c    00000008              : PADK_DAC.obj (.const)
                  10035f94    00000002              : PADK_ADC.obj (.const)
                  10035f96    0000009e     initialization.obj (.const)
                  10036034    00000023     rts67plus.lib : _printfi.obj (.const)

.stack     0    10036058    00002000     
                  10036058    00000008     rts67plus.lib : boot.obj (.stack) [fill = deadbeef]
                  10036060    00001ff8     --HOLE-- [fill = deadbeef]

.sysmem    0    10038058    00002000     UNINITIALIZED
                  10038058    00000008     rts67plus.lib : memory.obj (.sysmem)

.cinit     0    1003a058    00000884     
                  1003a058    00000409     instruments.obj (.cinit)
                  1003a461    00000007     --HOLE-- [fill = 0]
                  1003a468    00000118     initialization.obj (.cinit)
                  1003a580    000000cc     led.obj (.cinit)
                  1003a64c    00000004     --HOLE-- [fill = 0]
                  1003a650    0000005c     rts67plus.lib : lowlev.obj (.cinit)
                  1003a6ac    00000004     --HOLE-- [fill = 0]
                  1003a6b0    0000005c                   : defs.obj (.cinit)
                  1003a70c    00000004     --HOLE-- [fill = 0]
                  1003a710    00000048     csl_C672x_intc.lib : csl_intcInit.o (.cinit)
                  1003a758    00000048     padk.lib : PADK_I2C.obj (.cinit)
                  1003a7a0    0000002c     rts67plus.lib : memory.obj (.cinit)
                  1003a7cc    00000004     --HOLE-- [fill = 0]
                  1003a7d0    0000002c                   : exit.obj (.cinit)
                  1003a7fc    00000004     --HOLE-- [fill = 0]
                  1003a800    0000002c     main.obj (.cinit)
                  1003a82c    00000004     --HOLE-- [fill = 0]
                  1003a830    00000029     midi.obj (.cinit)
                  1003a859    00000007     --HOLE-- [fill = 0]
                  1003a860    00000028     csl_C6727.lib : csl_dmaxInit.o (.cinit)
                  1003a888    0000001c     rts67plus.lib : _lock.obj (.cinit)
                  1003a8a4    00000004     --HOLE-- [fill = 0]
                  1003a8a8    00000010                   : rand.obj (.cinit)
                  1003a8b8    0000000c                   : fopen.obj (.cinit)
                  1003a8c4    00000004     --HOLE-- [fill = 0]
                  1003a8c8    0000000c     csl_C672x_intc.lib : csl_intcOpen.o (.cinit)
                  1003a8d4    00000008     --HOLE-- [fill = 0]

.switch    0    1003a8dc    00000244     
                  1003a8dc    0000013c     csl_C6727.lib : csl_mcaspHwControl.o (.switch)
                  1003aa18    00000050                   : csl_i2cHwControl.o (.switch)
                  1003aa68    0000004c                   : csl_i2cGetHwStatus.o (.switch)
                  1003aab4    00000030     padk.lib : PADK_CLKGEN.obj (.switch)
                  1003aae4    0000002c     csl_C6727.lib : csl_dmaxHwControl.o (.switch)
                  1003ab10    00000010                   : csl_dmaxHwSetupGpParam.o (.switch)

.cio       0    1003ab20    00000120     UNINITIALIZED
                  1003ab20    00000120     rts67plus.lib : trgmsg.obj (.cio)

.bss       0    1003ac40    000000d8     UNINITIALIZED
                  1003ac40    00000042     csl_C672x_intc.lib : csl_intcInit.o (.bss:csl_section:intc)
                  1003ac84    00000034     led.obj (.bss)
                  1003acb8    0000002b     instruments.obj (.bss)
                  1003ace4    00000014     initialization.obj (.bss)
                  1003acf8    00000010     main.obj (.bss)
                  1003ad08    00000009     midi.obj (.bss)
                  1003ad14    00000004     csl_C672x_intc.lib : csl_intcOpen.o (.bss:csl_section:intc)


FAR CALL TRAMPOLINES

callee    addr      tramp     addr      call addr  call info
--------  --------  --------  --------  ---------  ----------------
_cosf     0002d2a0  .T$0000   10033e60  100256e4   effects.obj (.text)
                                        10024e98   effects.obj (.text)
                                        10026d50   main.obj (.text)
_sinf     0002d2b4  .T$0001   10033ec0  10026dc0   main.obj (.text)
                                        10026d84   main.obj (.text)
                                        10026d04   main.obj (.text)
                                        10026cac   main.obj (.text)
                                        10026c5c   main.obj (.text)
                                        10026c0c   main.obj (.text)
                                        10026bbc   main.obj (.text)
                                        10026b68   main.obj (.text)
                                        10026b08   main.obj (.text)
                                        10026ab8   main.obj (.text)
                                        10026a78   main.obj (.text)
_expf     0002d5a0  .T$0002   10033e20  10023414   instruments.obj (.text)
                                        100230c8   instruments.obj (.text)
                                        10025718   effects.obj (.text)
                                        10026528   midi.obj (.text)
                                        1002644c   midi.obj (.text)
                                        10025ea4   midi.obj (.text)
                                        10025e2c   midi.obj (.text)
_sqrt     0002d460  .T$0003   10033e80  10024f20   effects.obj (.text)
__divd    0002c4e0  .T$0004   10033ea0  10026190   midi.obj (.text)
                                        1002b4ec   rts67plus.lib : _printfi.obj (.text:_ecvt)
                                        1002b4a0                 : _printfi.obj (.text:_ecvt)
                                        1002bc6c                 : _printfi.obj (.text:_fcvt)
                                        1002bc20                 : _printfi.obj (.text:_fcvt)
                                        1002d7e8                 : _printfi.obj (.text:__pconv_e)
                                        1002d7b4                 : _printfi.obj (.text:__pconv_e)
__divf    0002c560  .T$0005   10033e40  100236a0   instruments.obj (.text)
                                        10023424   instruments.obj (.text)
                                        100230f4   instruments.obj (.text)
                                        1002564c   effects.obj (.text)
                                        1002558c   effects.obj (.text)
                                        10025294   effects.obj (.text)
                                        10024dec   effects.obj (.text)
                                        10024d58   effects.obj (.text)
                                        100264c4   midi.obj (.text)
                                        10026494   midi.obj (.text)
                                        10026444   midi.obj (.text)
                                        100263f0   midi.obj (.text)
                                        100263c4   midi.obj (.text)
                                        10025e1c   midi.obj (.text)
                                        10025d90   midi.obj (.text)
                                        10027d6c   generators.obj (.text)
                                        10027b68   generators.obj (.text)
                                        10027990   generators.obj (.text)
                                        100278a0   generators.obj (.text)
                                        1002a898   mixer.obj (.text)


GLOBAL SYMBOLS: SORTED ALPHABETICALLY BY Name 

address    name
--------   ----
1003ac40   $bss
1003ac40   .bss
10001c00   .data
10020440   .text
10033d60   C$$EXIT
10032e48   C$$IO$$
10032360   _ADC_Init
10032408   _ADC_Reset
10027ef8   _Adsr_Init
10027800   _Adsr_ProcessFrame
1001477c   _ArpScales
10014950   _BLACKKEYS
10014800   _CHINESE
10014884   _CHROMATIC
1002ea60   _CLKGEN_Init
1002ec7c   _CLKGEN_OscSel
1002ec1c   _CLKGEN_Reset
10033da0   _CSL_chipInit
10033260   _CSL_dmaxClose
10033c40   _CSL_dmaxGetBaseAddress
10032fe0   _CSL_dmaxGetNextFreeParamEntry
100292e0   _CSL_dmaxHwControl
100288c0   _CSL_dmaxHwSetup
10033c00   _CSL_dmaxInit
1002e7a0   _CSL_dmaxOpen
10033b40   _CSL_dmaxSetDetr
10033640   _CSL_dmaxSetup1dXFRParameterEntry
10033300   _CSL_dmaxSetupFifoXFRParameterEntry
10030400   _CSL_dmaxSetupGeneralXFRParameterEntry
100336c0   _CSL_dmaxSetupSpiXFRParameterEntry
10033dc0   _CSL_i2cClose
100339c0   _CSL_i2cGetBaseAddress
1002ecc0   _CSL_i2cGetHwStatus
1002d960   _CSL_i2cHwControl
1002f760   _CSL_i2cHwSetup
10030da0   _CSL_i2cHwSetupRaw
10033de0   _CSL_i2cInit
10031a20   _CSL_i2cOpen
100333a0   _CSL_intcEventEnable
10033a20   _CSL_intcGlobalDisable
10033a80   _CSL_intcGlobalEnable
10033ae0   _CSL_intcGlobalRestore
1002b7c0   _CSL_intcHookIsr
10033740   _CSL_intcInit
10031b40   _CSL_intcOpen
100337c0   _CSL_intcSetVectorPtr
10032e60   _CSL_mcaspGetChipCtxt
10020440   _CSL_mcaspHwControl
10029bc0   _CSL_mcaspHwSetup
10033e00   _CSL_mcaspInit
10032f20   _CSL_mcaspOpen
1002ccc0   _CSL_mcaspRegReset
1002df40   _CSL_mcaspResetCtrl
100147c0   _C_Major
100147b8   _Chinese
10014798   _Chromatic
10023150   _Clarinet_Init
10023a40   _Clarinet_ProcessFrame
100203ec   _CslDmaxAlloc
1002f984   _DAC_Init
1002fb0c   _DAC_Mute
1002fae8   _DAC_RelayMute
1002facc   _DAC_RelayUnmute
1002fa88   _DAC_Reset
1002f960   _DAC_Unmute
1002689c   _De_QueueMIDIEvent
1002c5e0   _GPIO_ClearDeltaPushButton
1002c2e4   _GPIO_EnableLed
1002c548   _GPIO_GetDIPSwitch
1002c530   _GPIO_GetDeltaPushButton
1002c50c   _GPIO_GetPushButton
1002c360   _GPIO_Reset
1002c2a0   _GPIO_SetBCD
10014838   _HARMONIC_MINOR
10032440   _HOSTclose
100309e0   _HOSTlseek
10030ee0   _HOSTopen
10031c60   _HOSTread
1002f160   _HOSTrename
10031d60   _HOSTunlink
10031e60   _HOSTwrite
100147a8   _HarmonicMinor
1003acc8   _HarmonizerEffectOnFlag
100147b0   _HirajoshiJapan
10024a80   _I2C_ReadMem
1002489c   _I2C_ReadReg
100246f0   _I2C_ReadVal
10024438   _I2C_WriteMem
10024278   _I2C_WriteReg
10024078   _I2C_WriteVal
100147c8   _JAPANESE
1003acc0   _Key
1002d300   _L0
1002d2c0   _L1
1002d280   _L2
1002d240   _L3
1002d200   _L4
1002d1c0   _L5
1002d180   _L6
1002d140   _L7
1002d0f8   _M1
1002d0b0   _M2
10020334   _MIDIEventArray
1003ad08   _MIDIQueueIndex_In
1003ad0c   _MIDIQueueIndex_Out
1002aff0   _MIDI_EnableLed1
1002afbc   _MIDI_EnableLed2
1002afb0   _MIDI_GetInterruptId
1002ad64   _MIDI_Init
10026788   _MIDI_Poll
1002aea4   _MIDI_Read
1002ae38   _MIDI_Reset
1002ad38   _MIDI_SetRTS
1002ac40   _MIDI_Write
1002abec   _Mixer_Init
1002a840   _Mixer_ProcessFrame
10025bb4   _Mute_Init
100259f4   _Mute_ProcessFrame
100232e0   _NewClarinet
10023488   _NewNote
10022fc0   _NewOrgan
10023980   _NewRandomArpeggio
10022eac   _Organ_Init
1002383c   _Organ_ProcessFrame
100277e4   _Oscillator_Init
10027720   _Oscillator_ProcessFrame
1002598c   _Phasor_Init
10025528   _Phasor_ProcessFrame
100254a4   _Pulsor_Init
10025238   _Pulsor_ProcessFrame
100266d0   _QueueMIDIEvent
1002674c   _QueueMIDIEvent2
10023780   _RandomArpeggio_Init
10023580   _RandomArpeggio_ProcessFrame
10022c8c   _ReleaseClarinet
10022df0   _ReleaseNote
10022d48   _ReleaseNote2
10022bd0   _ReleaseOrgan
10022a50   _ReleaseRandomArpeggio
10033ee0   _SarPdspFirmware0
10034e7c   _SarPdspFirmware1
10022620   _ScaleHarmonizer
10027f28   _SetupInterrupts
10028070   _SynthInit
1002d068   _U1
1002d020   _U2
1002a3dc   _UART_EnableLed1
1002a3a8   _UART_EnableLed2
1002a390   _UART_GetInterruptId
1002a138   _UART_Init
1002a280   _UART_Read
1002a20c   _UART_Reset
1002a000   _UART_Write
10027708   _VariableOscillator_Init
10027560   _VariableOscillator_ProcessFrame
10014904   _WHITEKEYS
100251ac   _Wah_Init
10024ce0   _Wah_ProcessFrame
1003ab20   __CIOBUF_
1003ac80   __CSL_IntcContextFlags
1003ad14   __CSL_IntcEventAllocMask
1003ac40   __CSL_IntcEventTable
10033868   __CSL_intcEventDisable
10033840   __CSL_intcEventEnable
10033ca0   __CSL_intcFetchPacket
10033b9c   __CSL_intcGlobalDisable
10033b80   __CSL_intcGlobalEnable
10033cc0   __CSL_intcISTP
10033c80   __CSL_intcReadISTP
00002000   __STACK_SIZE
00002000   __SYSMEM_SIZE
ffffffff   ___binit__
1003ac40   ___bss__
ffffffff   ___c_args__
1003a058   ___cinit__
10001c00   ___data__
10001c00   ___edata__
1003ad18   ___end__
10033ee0   ___etext__
1002042c   ___pinit__
10020440   ___text__
10033bc0   __args_main
10031000   __auto_init
10031f60   __cleanup
1002032c   __cleanup_ptr
10035e18   __ctypes_
0002c4e0   __divd
0002c560   __divf
100326e0   __divli
100327a0   __divu
1002ff00   __divul
1002dc60   __divull
10032860   __doflush
10020330   __dtors_ptr
10032920   __fixdli
10033080   __fltlid
1001fe70   __ft_end
1001fce0   __ftable
10033440   __llshl
100338a0   __llshru
10020414   __lock
10033120   __mpyll
10033ce0   __negll
10033d00   __nop
1002a420   __printfi
100329e0   __remi
10033900   __remli
10036058   __stack
10032260   __strasgi
10033960   __subcull
10038058   __sys_memory
1001fdd0   __tmpnams
10020418   __unlock
10031240   __wrt_ok
10033d60   _abort
1001fc88   _adcDmaxHwSetup
1001fc70   _adcDmaxObj
1001fc90   _adcGpxfrEventSetup
1001fca4   _adcGpxfrParameterSetup
1001fb50   _adcParams
1001ffcc   _analogInBuffer
1002d360   _applySystemPatch
10030b20   _atoi
1003ac84   _bcd
100334c0   _c_int00
1003ad10   _channel
1000dc00   _clarinetList
1001fb3c   _clkgenParams
10031360   _close
0002d2a0   _cosf
0002d2a0   _cossp
1001fc30   _dacDmaxHwSetup
1001fc18   _dacDmaxObj
1001fc38   _dacGpxfrEventSetup
1001fc4c   _dacGpxfrParameterSetup
1001fb54   _dacParams
0002c4e0   _divdp
0002c560   _divsp
1001d334   _dmaxAdcBuffer
1001e734   _dmaxDacBuffer
10026f98   _dmax_isr
1003ace8   _eventStat
10030c60   _exit
0002d570   _exp10f
0002d570   _exp10sp
0002d540   _exp2f
0002d540   _exp2sp
0002d5a0   _expf
0002d5a0   _expsp
10030880   _fclose
10033540   _fprintf
100305a0   _fputc
1002c960   _fputs
1002bf20   _free
10031480   _fseek
1003acf4   _hDmaxAdc
1003acf0   _hDmaxDac
1003ace4   _hIntc
1003acec   _hMcasp0
1003acbc   _harmonizerScaleSelect
10014988   _harmonizerScales
1001fb34   _intcObj
1003acb8   _keyOffset
1003acf8   _lastBuffer
100315a0   _lseek
100316c0   _ltoa
100269ec   _main
1002fd20   _malloc
1001fb6c   _mcasp0HwCfg
1001fb5c   _mcasp0Obj
100335c0   _memccpy
1002f360   _memcpy
100317e0   _memset
1001fcc8   _midiParams
1001fe74   _mixer
1001d1ec   _muteEffect
1003accc   _newNoteFreq
10027f20   _nmi_isr
10014730   _oneFive
10014724   _oneThree
1001473c   _oneThreeFive
1001474c   _oneThreeFiveThree
10014760   _oneThreeFiveThreeFiveThree
10014700   _oneTwoThree
10014710   _oneTwoThreeTwo
10005c00   _organList
10001c00   _organTable
10018db8   _phasorEffect
1003acfc   _pitchBend
100269ac   _processEffects
100268e0   _processGenerators
10025be0   _processMIDIEvent
10018f38   _pulsorEffect
100191ec   _pulsorTable
100305a0   _putc
10014998   _rArpScales
10032c20   _rand
1003acd8   _randArpDelay
1003acd0   _randArpEffectOnFlag
1003acdc   _randArpHSnum
1003acd4   _randArpScaleSelect
100227c0   _randNote
100149ac   _rarpeggioList
10032ce0   _readmsg
10033d80   _remove
1003acc4   _scaleLUT_Index
1002f560   _setvbuf
10009c00   _sineTable
0002d2b4   _sinf
0002d2b4   _sinsp
0002d460   _sqrt
0002d460   _sqrtdp
100331c0   _unlink
10014aec   _wahEffect
10014db8   _wahTable
10031900   _write
10032da0   _writemsg
ffffffff   binit
1003a058   cinit
10001c00   edata
1003ad18   end
10033ee0   etext
1002042c   pinit


GLOBAL SYMBOLS: SORTED BY Symbol Address 

address    name
--------   ----
00002000   __STACK_SIZE
00002000   __SYSMEM_SIZE
0002c4e0   __divd
0002c4e0   _divdp
0002c560   __divf
0002c560   _divsp
0002d2a0   _cosf
0002d2a0   _cossp
0002d2b4   _sinf
0002d2b4   _sinsp
0002d460   _sqrt
0002d460   _sqrtdp
0002d540   _exp2f
0002d540   _exp2sp
0002d570   _exp10f
0002d570   _exp10sp
0002d5a0   _expf
0002d5a0   _expsp
10001c00   .data
10001c00   ___data__
10001c00   ___edata__
10001c00   _organTable
10001c00   edata
10005c00   _organList
10009c00   _sineTable
1000dc00   _clarinetList
10014700   _oneTwoThree
10014710   _oneTwoThreeTwo
10014724   _oneThree
10014730   _oneFive
1001473c   _oneThreeFive
1001474c   _oneThreeFiveThree
10014760   _oneThreeFiveThreeFiveThree
1001477c   _ArpScales
10014798   _Chromatic
100147a8   _HarmonicMinor
100147b0   _HirajoshiJapan
100147b8   _Chinese
100147c0   _C_Major
100147c8   _JAPANESE
10014800   _CHINESE
10014838   _HARMONIC_MINOR
10014884   _CHROMATIC
10014904   _WHITEKEYS
10014950   _BLACKKEYS
10014988   _harmonizerScales
10014998   _rArpScales
100149ac   _rarpeggioList
10014aec   _wahEffect
10014db8   _wahTable
10018db8   _phasorEffect
10018f38   _pulsorEffect
100191ec   _pulsorTable
1001d1ec   _muteEffect
1001d334   _dmaxAdcBuffer
1001e734   _dmaxDacBuffer
1001fb34   _intcObj
1001fb3c   _clkgenParams
1001fb50   _adcParams
1001fb54   _dacParams
1001fb5c   _mcasp0Obj
1001fb6c   _mcasp0HwCfg
1001fc18   _dacDmaxObj
1001fc30   _dacDmaxHwSetup
1001fc38   _dacGpxfrEventSetup
1001fc4c   _dacGpxfrParameterSetup
1001fc70   _adcDmaxObj
1001fc88   _adcDmaxHwSetup
1001fc90   _adcGpxfrEventSetup
1001fca4   _adcGpxfrParameterSetup
1001fcc8   _midiParams
1001fce0   __ftable
1001fdd0   __tmpnams
1001fe70   __ft_end
1001fe74   _mixer
1001ffcc   _analogInBuffer
1002032c   __cleanup_ptr
10020330   __dtors_ptr
10020334   _MIDIEventArray
100203ec   _CslDmaxAlloc
10020414   __lock
10020418   __unlock
1002042c   ___pinit__
1002042c   pinit
10020440   .text
10020440   _CSL_mcaspHwControl
10020440   ___text__
10022620   _ScaleHarmonizer
100227c0   _randNote
10022a50   _ReleaseRandomArpeggio
10022bd0   _ReleaseOrgan
10022c8c   _ReleaseClarinet
10022d48   _ReleaseNote2
10022df0   _ReleaseNote
10022eac   _Organ_Init
10022fc0   _NewOrgan
10023150   _Clarinet_Init
100232e0   _NewClarinet
10023488   _NewNote
10023580   _RandomArpeggio_ProcessFrame
10023780   _RandomArpeggio_Init
1002383c   _Organ_ProcessFrame
10023980   _NewRandomArpeggio
10023a40   _Clarinet_ProcessFrame
10024078   _I2C_WriteVal
10024278   _I2C_WriteReg
10024438   _I2C_WriteMem
100246f0   _I2C_ReadVal
1002489c   _I2C_ReadReg
10024a80   _I2C_ReadMem
10024ce0   _Wah_ProcessFrame
100251ac   _Wah_Init
10025238   _Pulsor_ProcessFrame
100254a4   _Pulsor_Init
10025528   _Phasor_ProcessFrame
1002598c   _Phasor_Init
100259f4   _Mute_ProcessFrame
10025bb4   _Mute_Init
10025be0   _processMIDIEvent
100266d0   _QueueMIDIEvent
1002674c   _QueueMIDIEvent2
10026788   _MIDI_Poll
1002689c   _De_QueueMIDIEvent
100268e0   _processGenerators
100269ac   _processEffects
100269ec   _main
10026f98   _dmax_isr
10027560   _VariableOscillator_ProcessFrame
10027708   _VariableOscillator_Init
10027720   _Oscillator_ProcessFrame
100277e4   _Oscillator_Init
10027800   _Adsr_ProcessFrame
10027ef8   _Adsr_Init
10027f20   _nmi_isr
10027f28   _SetupInterrupts
10028070   _SynthInit
100288c0   _CSL_dmaxHwSetup
100292e0   _CSL_dmaxHwControl
10029bc0   _CSL_mcaspHwSetup
1002a000   _UART_Write
1002a138   _UART_Init
1002a20c   _UART_Reset
1002a280   _UART_Read
1002a390   _UART_GetInterruptId
1002a3a8   _UART_EnableLed2
1002a3dc   _UART_EnableLed1
1002a420   __printfi
1002a840   _Mixer_ProcessFrame
1002abec   _Mixer_Init
1002ac40   _MIDI_Write
1002ad38   _MIDI_SetRTS
1002ad64   _MIDI_Init
1002ae38   _MIDI_Reset
1002aea4   _MIDI_Read
1002afb0   _MIDI_GetInterruptId
1002afbc   _MIDI_EnableLed2
1002aff0   _MIDI_EnableLed1
1002b7c0   _CSL_intcHookIsr
1002bf20   _free
1002c2a0   _GPIO_SetBCD
1002c2e4   _GPIO_EnableLed
1002c360   _GPIO_Reset
1002c50c   _GPIO_GetPushButton
1002c530   _GPIO_GetDeltaPushButton
1002c548   _GPIO_GetDIPSwitch
1002c5e0   _GPIO_ClearDeltaPushButton
1002c960   _fputs
1002ccc0   _CSL_mcaspRegReset
1002d020   _U2
1002d068   _U1
1002d0b0   _M2
1002d0f8   _M1
1002d140   _L7
1002d180   _L6
1002d1c0   _L5
1002d200   _L4
1002d240   _L3
1002d280   _L2
1002d2c0   _L1
1002d300   _L0
1002d360   _applySystemPatch
1002d960   _CSL_i2cHwControl
1002dc60   __divull
1002df40   _CSL_mcaspResetCtrl
1002e7a0   _CSL_dmaxOpen
1002ea60   _CLKGEN_Init
1002ec1c   _CLKGEN_Reset
1002ec7c   _CLKGEN_OscSel
1002ecc0   _CSL_i2cGetHwStatus
1002f160   _HOSTrename
1002f360   _memcpy
1002f560   _setvbuf
1002f760   _CSL_i2cHwSetup
1002f960   _DAC_Unmute
1002f984   _DAC_Init
1002fa88   _DAC_Reset
1002facc   _DAC_RelayUnmute
1002fae8   _DAC_RelayMute
1002fb0c   _DAC_Mute
1002fd20   _malloc
1002ff00   __divul
10030400   _CSL_dmaxSetupGeneralXFRParameterEntry
100305a0   _fputc
100305a0   _putc
10030880   _fclose
100309e0   _HOSTlseek
10030b20   _atoi
10030c60   _exit
10030da0   _CSL_i2cHwSetupRaw
10030ee0   _HOSTopen
10031000   __auto_init
10031240   __wrt_ok
10031360   _close
10031480   _fseek
100315a0   _lseek
100316c0   _ltoa
100317e0   _memset
10031900   _write
10031a20   _CSL_i2cOpen
10031b40   _CSL_intcOpen
10031c60   _HOSTread
10031d60   _HOSTunlink
10031e60   _HOSTwrite
10031f60   __cleanup
10032260   __strasgi
10032360   _ADC_Init
10032408   _ADC_Reset
10032440   _HOSTclose
100326e0   __divli
100327a0   __divu
10032860   __doflush
10032920   __fixdli
100329e0   __remi
10032c20   _rand
10032ce0   _readmsg
10032da0   _writemsg
10032e48   C$$IO$$
10032e60   _CSL_mcaspGetChipCtxt
10032f20   _CSL_mcaspOpen
10032fe0   _CSL_dmaxGetNextFreeParamEntry
10033080   __fltlid
10033120   __mpyll
100331c0   _unlink
10033260   _CSL_dmaxClose
10033300   _CSL_dmaxSetupFifoXFRParameterEntry
100333a0   _CSL_intcEventEnable
10033440   __llshl
100334c0   _c_int00
10033540   _fprintf
100335c0   _memccpy
10033640   _CSL_dmaxSetup1dXFRParameterEntry
100336c0   _CSL_dmaxSetupSpiXFRParameterEntry
10033740   _CSL_intcInit
100337c0   _CSL_intcSetVectorPtr
10033840   __CSL_intcEventEnable
10033868   __CSL_intcEventDisable
100338a0   __llshru
10033900   __remli
10033960   __subcull
100339c0   _CSL_i2cGetBaseAddress
10033a20   _CSL_intcGlobalDisable
10033a80   _CSL_intcGlobalEnable
10033ae0   _CSL_intcGlobalRestore
10033b40   _CSL_dmaxSetDetr
10033b80   __CSL_intcGlobalEnable
10033b9c   __CSL_intcGlobalDisable
10033bc0   __args_main
10033c00   _CSL_dmaxInit
10033c40   _CSL_dmaxGetBaseAddress
10033c80   __CSL_intcReadISTP
10033ca0   __CSL_intcFetchPacket
10033cc0   __CSL_intcISTP
10033ce0   __negll
10033d00   __nop
10033d60   C$$EXIT
10033d60   _abort
10033d80   _remove
10033da0   _CSL_chipInit
10033dc0   _CSL_i2cClose
10033de0   _CSL_i2cInit
10033e00   _CSL_mcaspInit
10033ee0   _SarPdspFirmware0
10033ee0   ___etext__
10033ee0   etext
10034e7c   _SarPdspFirmware1
10035e18   __ctypes_
10036058   __stack
10038058   __sys_memory
1003a058   ___cinit__
1003a058   cinit
1003ab20   __CIOBUF_
1003ac40   $bss
1003ac40   .bss
1003ac40   __CSL_IntcEventTable
1003ac40   ___bss__
1003ac80   __CSL_IntcContextFlags
1003ac84   _bcd
1003acb8   _keyOffset
1003acbc   _harmonizerScaleSelect
1003acc0   _Key
1003acc4   _scaleLUT_Index
1003acc8   _HarmonizerEffectOnFlag
1003accc   _newNoteFreq
1003acd0   _randArpEffectOnFlag
1003acd4   _randArpScaleSelect
1003acd8   _randArpDelay
1003acdc   _randArpHSnum
1003ace4   _hIntc
1003ace8   _eventStat
1003acec   _hMcasp0
1003acf0   _hDmaxDac
1003acf4   _hDmaxAdc
1003acf8   _lastBuffer
1003acfc   _pitchBend
1003ad08   _MIDIQueueIndex_In
1003ad0c   _MIDIQueueIndex_Out
1003ad10   _channel
1003ad14   __CSL_IntcEventAllocMask
1003ad18   ___end__
1003ad18   end
ffffffff   ___binit__
ffffffff   ___c_args__
ffffffff   binit

[323 symbols]
